<?xml version="1.0"?>
<link_info>
   <banner>MSP430 Linker PC v4.3.3</banner>
   <copyright>Copyright (c) 2003-2014 Texas Instruments Incorporated</copyright>
   <link_time>0x53efecdc</link_time>
   <link_errors>0x0</link_errors>
   <output_file>Hand Held v0.2502.out</output_file>
   <entry_point>
      <name>_c_int00</name>
      <address>0xde3a</address>
   </entry_point>
   <input_file_list>
      <input_file id="fl-3">
         <path>C:\Users\sam_000\Dropbox\Turtle Sense\TI workspace\Hand Held v0.2502\Debug\configPkg\package\cfg\</path>
         <kind>object</kind>
         <file>main_pe430X.oe430X</file>
         <name>main_pe430X.oe430X</name>
      </input_file>
      <input_file id="fl-7">
         <path>.\</path>
         <kind>object</kind>
         <file>main.obj</file>
         <name>main.obj</name>
      </input_file>
      <input_file id="fl-d">
         <path>C:\ti\grace_2_20_02_32\packages\ti\targets\msp430\rts430\lib\</path>
         <kind>archive</kind>
         <file>ti.targets.msp430.rts430.ae430X</file>
         <name>boot.oe430X</name>
      </input_file>
      <input_file id="fl-e">
         <path>C:\ti\grace_2_20_02_32\packages\ti\targets\msp430\rts430\lib\</path>
         <kind>archive</kind>
         <file>ti.targets.msp430.rts430.ae430X</file>
         <name>pre_init.oe430X</name>
      </input_file>
      <input_file id="fl-f">
         <path>C:\ti\grace_2_20_02_32\packages\ti\catalog\msp430\init\lib\</path>
         <kind>archive</kind>
         <file>ti.catalog.msp430.init.ae430X</file>
         <name>Boot.oe430X</name>
      </input_file>
      <input_file id="fl-10">
         <path>C:\Users\sam_000\Dropbox\TURTLE~1\TIWORK~1\HANDHE~1.250\src\grace\</path>
         <kind>archive</kind>
         <file>grace.lib</file>
         <name>InterruptVectors_init.obj</name>
      </input_file>
      <input_file id="fl-3f">
         <path>c:\ti\ccsv6\tools\compiler\msp430_4.3.3\lib\</path>
         <kind>archive</kind>
         <file>rts430x_lc_rd_eabi.lib</file>
         <name>args_main.obj</name>
      </input_file>
      <input_file id="fl-40">
         <path>c:\ti\ccsv6\tools\compiler\msp430_4.3.3\lib\</path>
         <kind>archive</kind>
         <file>rts430x_lc_rd_eabi.lib</file>
         <name>autoinit.obj</name>
      </input_file>
      <input_file id="fl-41">
         <path>c:\ti\ccsv6\tools\compiler\msp430_4.3.3\lib\</path>
         <kind>archive</kind>
         <file>rts430x_lc_rd_eabi.lib</file>
         <name>copy_decompress_none.obj</name>
      </input_file>
      <input_file id="fl-42">
         <path>c:\ti\ccsv6\tools\compiler\msp430_4.3.3\lib\</path>
         <kind>archive</kind>
         <file>rts430x_lc_rd_eabi.lib</file>
         <name>copy_decompress_rle.obj</name>
      </input_file>
      <input_file id="fl-43">
         <path>c:\ti\ccsv6\tools\compiler\msp430_4.3.3\lib\</path>
         <kind>archive</kind>
         <file>rts430x_lc_rd_eabi.lib</file>
         <name>copy_zero_init.obj</name>
      </input_file>
      <input_file id="fl-44">
         <path>c:\ti\ccsv6\tools\compiler\msp430_4.3.3\lib\</path>
         <kind>archive</kind>
         <file>rts430x_lc_rd_eabi.lib</file>
         <name>exit.obj</name>
      </input_file>
      <input_file id="fl-45">
         <path>c:\ti\ccsv6\tools\compiler\msp430_4.3.3\lib\</path>
         <kind>archive</kind>
         <file>rts430x_lc_rd_eabi.lib</file>
         <name>int31.obj</name>
      </input_file>
      <input_file id="fl-46">
         <path>c:\ti\ccsv6\tools\compiler\msp430_4.3.3\lib\</path>
         <kind>archive</kind>
         <file>rts430x_lc_rd_eabi.lib</file>
         <name>int32.obj</name>
      </input_file>
      <input_file id="fl-47">
         <path>c:\ti\ccsv6\tools\compiler\msp430_4.3.3\lib\</path>
         <kind>archive</kind>
         <file>rts430x_lc_rd_eabi.lib</file>
         <name>int33.obj</name>
      </input_file>
      <input_file id="fl-48">
         <path>c:\ti\ccsv6\tools\compiler\msp430_4.3.3\lib\</path>
         <kind>archive</kind>
         <file>rts430x_lc_rd_eabi.lib</file>
         <name>int34.obj</name>
      </input_file>
      <input_file id="fl-49">
         <path>c:\ti\ccsv6\tools\compiler\msp430_4.3.3\lib\</path>
         <kind>archive</kind>
         <file>rts430x_lc_rd_eabi.lib</file>
         <name>int35.obj</name>
      </input_file>
      <input_file id="fl-4a">
         <path>c:\ti\ccsv6\tools\compiler\msp430_4.3.3\lib\</path>
         <kind>archive</kind>
         <file>rts430x_lc_rd_eabi.lib</file>
         <name>int36.obj</name>
      </input_file>
      <input_file id="fl-4b">
         <path>c:\ti\ccsv6\tools\compiler\msp430_4.3.3\lib\</path>
         <kind>archive</kind>
         <file>rts430x_lc_rd_eabi.lib</file>
         <name>int37.obj</name>
      </input_file>
      <input_file id="fl-4c">
         <path>c:\ti\ccsv6\tools\compiler\msp430_4.3.3\lib\</path>
         <kind>archive</kind>
         <file>rts430x_lc_rd_eabi.lib</file>
         <name>int38.obj</name>
      </input_file>
      <input_file id="fl-4d">
         <path>c:\ti\ccsv6\tools\compiler\msp430_4.3.3\lib\</path>
         <kind>archive</kind>
         <file>rts430x_lc_rd_eabi.lib</file>
         <name>int40.obj</name>
      </input_file>
      <input_file id="fl-4e">
         <path>c:\ti\ccsv6\tools\compiler\msp430_4.3.3\lib\</path>
         <kind>archive</kind>
         <file>rts430x_lc_rd_eabi.lib</file>
         <name>int41.obj</name>
      </input_file>
      <input_file id="fl-4f">
         <path>c:\ti\ccsv6\tools\compiler\msp430_4.3.3\lib\</path>
         <kind>archive</kind>
         <file>rts430x_lc_rd_eabi.lib</file>
         <name>int42.obj</name>
      </input_file>
      <input_file id="fl-50">
         <path>c:\ti\ccsv6\tools\compiler\msp430_4.3.3\lib\</path>
         <kind>archive</kind>
         <file>rts430x_lc_rd_eabi.lib</file>
         <name>int43.obj</name>
      </input_file>
      <input_file id="fl-51">
         <path>c:\ti\ccsv6\tools\compiler\msp430_4.3.3\lib\</path>
         <kind>archive</kind>
         <file>rts430x_lc_rd_eabi.lib</file>
         <name>int44.obj</name>
      </input_file>
      <input_file id="fl-52">
         <path>c:\ti\ccsv6\tools\compiler\msp430_4.3.3\lib\</path>
         <kind>archive</kind>
         <file>rts430x_lc_rd_eabi.lib</file>
         <name>int45.obj</name>
      </input_file>
      <input_file id="fl-53">
         <path>c:\ti\ccsv6\tools\compiler\msp430_4.3.3\lib\</path>
         <kind>archive</kind>
         <file>rts430x_lc_rd_eabi.lib</file>
         <name>int46.obj</name>
      </input_file>
      <input_file id="fl-54">
         <path>c:\ti\ccsv6\tools\compiler\msp430_4.3.3\lib\</path>
         <kind>archive</kind>
         <file>rts430x_lc_rd_eabi.lib</file>
         <name>int47.obj</name>
      </input_file>
      <input_file id="fl-55">
         <path>c:\ti\ccsv6\tools\compiler\msp430_4.3.3\lib\</path>
         <kind>archive</kind>
         <file>rts430x_lc_rd_eabi.lib</file>
         <name>int48.obj</name>
      </input_file>
      <input_file id="fl-56">
         <path>c:\ti\ccsv6\tools\compiler\msp430_4.3.3\lib\</path>
         <kind>archive</kind>
         <file>rts430x_lc_rd_eabi.lib</file>
         <name>int49.obj</name>
      </input_file>
      <input_file id="fl-57">
         <path>c:\ti\ccsv6\tools\compiler\msp430_4.3.3\lib\</path>
         <kind>archive</kind>
         <file>rts430x_lc_rd_eabi.lib</file>
         <name>int50.obj</name>
      </input_file>
      <input_file id="fl-58">
         <path>c:\ti\ccsv6\tools\compiler\msp430_4.3.3\lib\</path>
         <kind>archive</kind>
         <file>rts430x_lc_rd_eabi.lib</file>
         <name>int52.obj</name>
      </input_file>
      <input_file id="fl-59">
         <path>c:\ti\ccsv6\tools\compiler\msp430_4.3.3\lib\</path>
         <kind>archive</kind>
         <file>rts430x_lc_rd_eabi.lib</file>
         <name>int53.obj</name>
      </input_file>
      <input_file id="fl-5a">
         <path>c:\ti\ccsv6\tools\compiler\msp430_4.3.3\lib\</path>
         <kind>archive</kind>
         <file>rts430x_lc_rd_eabi.lib</file>
         <name>int54.obj</name>
      </input_file>
      <input_file id="fl-5b">
         <path>c:\ti\ccsv6\tools\compiler\msp430_4.3.3\lib\</path>
         <kind>archive</kind>
         <file>rts430x_lc_rd_eabi.lib</file>
         <name>isr_trap.obj</name>
      </input_file>
      <input_file id="fl-5c">
         <path>c:\ti\ccsv6\tools\compiler\msp430_4.3.3\lib\</path>
         <kind>archive</kind>
         <file>rts430x_lc_rd_eabi.lib</file>
         <name>memcpy.obj</name>
      </input_file>
      <input_file id="fl-5d">
         <path>c:\ti\ccsv6\tools\compiler\msp430_4.3.3\lib\</path>
         <kind>archive</kind>
         <file>rts430x_lc_rd_eabi.lib</file>
         <name>_lock.obj</name>
      </input_file>
      <input_file id="fl-5e">
         <path>C:\Users\sam_000\Dropbox\TURTLE~1\TIWORK~1\HANDHE~1.250\src\grace\</path>
         <kind>archive</kind>
         <file>grace.lib</file>
         <name>Grace_init.obj</name>
      </input_file>
      <input_file id="fl-5f">
         <path>C:\Users\sam_000\Dropbox\TURTLE~1\TIWORK~1\HANDHE~1.250\src\grace\</path>
         <kind>archive</kind>
         <file>grace.lib</file>
         <name>Timer0_B3_init.obj</name>
      </input_file>
      <input_file id="fl-60">
         <path>C:\Users\sam_000\Dropbox\TURTLE~1\TIWORK~1\HANDHE~1.250\src\grace\</path>
         <kind>archive</kind>
         <file>grace.lib</file>
         <name>GPIO_init.obj</name>
      </input_file>
      <input_file id="fl-61">
         <path>C:\Users\sam_000\Dropbox\TURTLE~1\TIWORK~1\HANDHE~1.250\src\grace\</path>
         <kind>archive</kind>
         <file>grace.lib</file>
         <name>CS_init.obj</name>
      </input_file>
      <input_file id="fl-62">
         <path>C:\Users\sam_000\Dropbox\TURTLE~1\TIWORK~1\HANDHE~1.250\src\grace\</path>
         <kind>archive</kind>
         <file>grace.lib</file>
         <name>ADC10_B_init.obj</name>
      </input_file>
      <input_file id="fl-63">
         <path>C:\Users\sam_000\Dropbox\TURTLE~1\TIWORK~1\HANDHE~1.250\src\grace\</path>
         <kind>archive</kind>
         <file>grace.lib</file>
         <name>REF_init.obj</name>
      </input_file>
      <input_file id="fl-64">
         <path>C:\Users\sam_000\Dropbox\TURTLE~1\TIWORK~1\HANDHE~1.250\src\grace\</path>
         <kind>archive</kind>
         <file>grace.lib</file>
         <name>EUSCI_A0_init.obj</name>
      </input_file>
      <input_file id="fl-65">
         <path>C:\Users\sam_000\Dropbox\TURTLE~1\TIWORK~1\HANDHE~1.250\src\grace\</path>
         <kind>archive</kind>
         <file>grace.lib</file>
         <name>EUSCI_A1_init.obj</name>
      </input_file>
      <input_file id="fl-66">
         <path>C:\Users\sam_000\Dropbox\TURTLE~1\TIWORK~1\HANDHE~1.250\src\grace\</path>
         <kind>archive</kind>
         <file>grace.lib</file>
         <name>System_init.obj</name>
      </input_file>
      <input_file id="fl-67">
         <path>C:\Users\sam_000\Dropbox\TURTLE~1\TIWORK~1\HANDHE~1.250\src\grace\</path>
         <kind>archive</kind>
         <file>grace.lib</file>
         <name>WDT_A_init.obj</name>
      </input_file>
      <input_file id="fl-68">
         <path>C:\Users\sam_000\Dropbox\TURTLE~1\TIWORK~1\HANDHE~1.250\src\grace\</path>
         <kind>archive</kind>
         <file>grace.lib</file>
         <name>adc10_b.obj</name>
      </input_file>
      <input_file id="fl-69">
         <path>C:\Users\sam_000\Dropbox\TURTLE~1\TIWORK~1\HANDHE~1.250\src\grace\</path>
         <kind>archive</kind>
         <file>grace.lib</file>
         <name>cs.obj</name>
      </input_file>
      <input_file id="fl-6a">
         <path>C:\Users\sam_000\Dropbox\TURTLE~1\TIWORK~1\HANDHE~1.250\src\grace\</path>
         <kind>archive</kind>
         <file>grace.lib</file>
         <name>eusci_a_uart.obj</name>
      </input_file>
      <input_file id="fl-6b">
         <path>C:\Users\sam_000\Dropbox\TURTLE~1\TIWORK~1\HANDHE~1.250\src\grace\</path>
         <kind>archive</kind>
         <file>grace.lib</file>
         <name>ref.obj</name>
      </input_file>
      <input_file id="fl-6c">
         <path>C:\Users\sam_000\Dropbox\TURTLE~1\TIWORK~1\HANDHE~1.250\src\grace\</path>
         <kind>archive</kind>
         <file>grace.lib</file>
         <name>timer_b.obj</name>
      </input_file>
      <input_file id="fl-6d">
         <path>C:\Users\sam_000\Dropbox\TURTLE~1\TIWORK~1\HANDHE~1.250\src\grace\</path>
         <kind>archive</kind>
         <file>grace.lib</file>
         <name>wdt_a.obj</name>
      </input_file>
      <input_file id="fl-6e">
         <path>c:\ti\ccsv6\tools\compiler\msp430_4.3.3\lib\</path>
         <kind>archive</kind>
         <file>rts430x_lc_rd_eabi.lib</file>
         <name>div16s.obj</name>
      </input_file>
      <input_file id="fl-6f">
         <path>c:\ti\ccsv6\tools\compiler\msp430_4.3.3\lib\</path>
         <kind>archive</kind>
         <file>rts430x_lc_rd_eabi.lib</file>
         <name>div16u.obj</name>
      </input_file>
      <input_file id="fl-70">
         <path>c:\ti\ccsv6\tools\compiler\msp430_4.3.3\lib\</path>
         <kind>archive</kind>
         <file>rts430x_lc_rd_eabi.lib</file>
         <name>div32s.obj</name>
      </input_file>
      <input_file id="fl-71">
         <path>c:\ti\ccsv6\tools\compiler\msp430_4.3.3\lib\</path>
         <kind>archive</kind>
         <file>rts430x_lc_rd_eabi.lib</file>
         <name>div32u.obj</name>
      </input_file>
   </input_file_list>
   <object_component_list>
      <object_component id="oc-9b">
         <name>xdc.meta</name>
         <load_address>0x0</load_address>
         <run_address>0x0</run_address>
         <size>0x10a</size>
         <input_file_ref idref="fl-3"/>
      </object_component>
      <object_component id="oc-3fc">
         <name>.cinit..data.load</name>
         <load_address>0xc200</load_address>
         <run_address>0xc200</run_address>
         <size>0x12b</size>
      </object_component>
      <object_component id="oc-3f9">
         <name>__TI_handler_table</name>
         <load_address>0xc32e</load_address>
         <run_address>0xc32e</run_address>
         <size>0xc</size>
      </object_component>
      <object_component id="oc-3fb">
         <name>.cinit..bss.load</name>
         <load_address>0xc33a</load_address>
         <run_address>0xc33a</run_address>
         <size>0x6</size>
      </object_component>
      <object_component id="oc-3fa">
         <name>__TI_cinit_table</name>
         <load_address>0xc340</load_address>
         <run_address>0xc340</run_address>
         <size>0x10</size>
      </object_component>
      <object_component id="oc-343">
         <name>.const:.string</name>
         <load_address>0xc350</load_address>
         <run_address>0xc350</run_address>
         <size>0x2a6</size>
         <input_file_ref idref="fl-7"/>
      </object_component>
      <object_component id="oc-24a">
         <name>.const:.string:report_script</name>
         <load_address>0xc5f6</load_address>
         <run_address>0xc5f6</run_address>
         <size>0xb</size>
         <input_file_ref idref="fl-7"/>
      </object_component>
      <object_component id="oc-253">
         <name>.const:.string:activity_log</name>
         <load_address>0xc602</load_address>
         <run_address>0xc602</run_address>
         <size>0x9</size>
         <input_file_ref idref="fl-7"/>
      </object_component>
      <object_component id="oc-256">
         <name>.const:.string:after_report</name>
         <load_address>0xc60c</load_address>
         <run_address>0xc60c</run_address>
         <size>0x6</size>
         <input_file_ref idref="fl-7"/>
      </object_component>
      <object_component id="oc-241">
         <name>.const:.string:sensor_log</name>
         <load_address>0xc612</load_address>
         <run_address>0xc612</run_address>
         <size>0x6</size>
         <input_file_ref idref="fl-7"/>
      </object_component>
      <object_component id="oc-171">
         <name>.const:.string:speeds</name>
         <load_address>0xc618</load_address>
         <run_address>0xc618</run_address>
         <size>0x4</size>
         <input_file_ref idref="fl-7"/>
      </object_component>
      <object_component id="oc-25c">
         <name>.const</name>
         <load_address>0xc61c</load_address>
         <run_address>0xc61c</run_address>
         <size>0x2</size>
         <input_file_ref idref="fl-7"/>
      </object_component>
      <object_component id="oc-d1">
         <name>.text:_isr:TIMER0_B0_ISR_HOOK</name>
         <load_address>0xc800</load_address>
         <run_address>0xc800</run_address>
         <size>0x25e</size>
         <input_file_ref idref="fl-10"/>
      </object_component>
      <object_component id="oc-127">
         <name>.text:start_up</name>
         <load_address>0xca5e</load_address>
         <run_address>0xca5e</run_address>
         <size>0x17a</size>
         <input_file_ref idref="fl-7"/>
      </object_component>
      <object_component id="oc-13f">
         <name>.text:set_time</name>
         <load_address>0xcbd8</load_address>
         <run_address>0xcbd8</run_address>
         <size>0x16c</size>
         <input_file_ref idref="fl-7"/>
      </object_component>
      <object_component id="oc-bf">
         <name>.text:main</name>
         <load_address>0xcd44</load_address>
         <run_address>0xcd44</run_address>
         <size>0xce</size>
         <input_file_ref idref="fl-7"/>
      </object_component>
      <object_component id="oc-365">
         <name>.text:privateTimerBProcessClockSourceDivider</name>
         <load_address>0xce12</load_address>
         <run_address>0xce12</run_address>
         <size>0xce</size>
         <input_file_ref idref="fl-6c"/>
      </object_component>
      <object_component id="oc-295">
         <name>.text:CS_XT1StartWithTimeout</name>
         <load_address>0xcee0</load_address>
         <run_address>0xcee0</run_address>
         <size>0xc4</size>
         <input_file_ref idref="fl-69"/>
      </object_component>
      <object_component id="oc-11b">
         <name>.text:phone_on</name>
         <load_address>0xcfa4</load_address>
         <run_address>0xcfa4</run_address>
         <size>0xc4</size>
         <input_file_ref idref="fl-7"/>
      </object_component>
      <object_component id="oc-2a1">
         <name>.text:CS_clockSignalInit</name>
         <load_address>0xd068</load_address>
         <run_address>0xd068</run_address>
         <size>0xc0</size>
         <input_file_ref idref="fl-69"/>
      </object_component>
      <object_component id="oc-157">
         <name>.text:getGPSinfo</name>
         <load_address>0xd128</load_address>
         <run_address>0xd128</run_address>
         <size>0xb8</size>
         <input_file_ref idref="fl-7"/>
      </object_component>
      <object_component id="oc-2f8">
         <name>.text:EUSCI_A_UART_initAdvance</name>
         <load_address>0xd1e0</load_address>
         <run_address>0xd1e0</run_address>
         <size>0xaa</size>
         <input_file_ref idref="fl-6a"/>
      </object_component>
      <object_component id="oc-1ac">
         <name>.text:CS_graceInit</name>
         <load_address>0xd28a</load_address>
         <run_address>0xd28a</run_address>
         <size>0xa6</size>
         <input_file_ref idref="fl-61"/>
      </object_component>
      <object_component id="oc-1a6">
         <name>.text:GPIO_graceInit</name>
         <load_address>0xd330</load_address>
         <run_address>0xd330</run_address>
         <size>0xa4</size>
         <input_file_ref idref="fl-60"/>
      </object_component>
      <object_component id="oc-151">
         <name>.text:phone_it_in</name>
         <load_address>0xd3d4</load_address>
         <run_address>0xd3d4</run_address>
         <size>0xa2</size>
         <input_file_ref idref="fl-7"/>
      </object_component>
      <object_component id="oc-1b2">
         <name>.text:ADC10_B_graceInit</name>
         <load_address>0xd476</load_address>
         <run_address>0xd476</run_address>
         <size>0x9c</size>
         <input_file_ref idref="fl-62"/>
      </object_component>
      <object_component id="oc-145">
         <name>.text:SS_command</name>
         <load_address>0xd512</load_address>
         <run_address>0xd512</run_address>
         <size>0x84</size>
         <input_file_ref idref="fl-7"/>
      </object_component>
      <object_component id="oc-1eb">
         <name>.text:readBattery</name>
         <load_address>0xd596</load_address>
         <run_address>0xd596</run_address>
         <size>0x84</size>
         <input_file_ref idref="fl-7"/>
      </object_component>
      <object_component id="oc-229">
         <name>.text:SS_receive_records</name>
         <load_address>0xd61a</load_address>
         <run_address>0xd61a</run_address>
         <size>0x74</size>
         <input_file_ref idref="fl-7"/>
      </object_component>
      <object_component id="oc-14b">
         <name>.text:transfer_string</name>
         <load_address>0xd68e</load_address>
         <run_address>0xd68e</run_address>
         <size>0x74</size>
         <input_file_ref idref="fl-7"/>
      </object_component>
      <object_component id="oc-1be">
         <name>.text:EUSCI_A0_graceInit</name>
         <load_address>0xd702</load_address>
         <run_address>0xd702</run_address>
         <size>0x70</size>
         <input_file_ref idref="fl-64"/>
      </object_component>
      <object_component id="oc-1c4">
         <name>.text:EUSCI_A1_graceInit</name>
         <load_address>0xd772</load_address>
         <run_address>0xd772</run_address>
         <size>0x70</size>
         <input_file_ref idref="fl-65"/>
      </object_component>
      <object_component id="oc-10f">
         <name>.text:blink</name>
         <load_address>0xd7e2</load_address>
         <run_address>0xd7e2</run_address>
         <size>0x70</size>
         <input_file_ref idref="fl-7"/>
      </object_component>
      <object_component id="oc-b9">
         <name>.text:_auto_init_hold_wdt</name>
         <load_address>0xd852</load_address>
         <run_address>0xd852</run_address>
         <size>0x6e</size>
         <input_file_ref idref="fl-40"/>
      </object_component>
      <object_component id="oc-eb">
         <name>.text:__TI_decompress_rle_core</name>
         <load_address>0xd8c0</load_address>
         <run_address>0xd8c0</run_address>
         <size>0x62</size>
         <input_file_ref idref="fl-42"/>
      </object_component>
      <object_component id="oc-121">
         <name>.text:internet_connection</name>
         <load_address>0xd922</load_address>
         <run_address>0xd922</run_address>
         <size>0x62</size>
         <input_file_ref idref="fl-7"/>
      </object_component>
      <object_component id="oc-20e">
         <name>.text:clear_data</name>
         <load_address>0xd984</load_address>
         <run_address>0xd984</run_address>
         <size>0x5a</size>
         <input_file_ref idref="fl-7"/>
      </object_component>
      <object_component id="oc-244">
         <name>.text:do_script</name>
         <load_address>0xd9de</load_address>
         <run_address>0xd9de</run_address>
         <size>0x5a</size>
         <input_file_ref idref="fl-7"/>
      </object_component>
      <object_component id="oc-281">
         <name>.text:TIMER_B_configureUpMode</name>
         <load_address>0xda38</load_address>
         <run_address>0xda38</run_address>
         <size>0x56</size>
         <input_file_ref idref="fl-6c"/>
      </object_component>
      <object_component id="oc-2b4">
         <name>.text:ADC10_B_init</name>
         <load_address>0xda8e</load_address>
         <run_address>0xda8e</run_address>
         <size>0x52</size>
         <input_file_ref idref="fl-68"/>
      </object_component>
      <object_component id="oc-21a">
         <name>.text:contact_sensor</name>
         <load_address>0xdae0</load_address>
         <run_address>0xdae0</run_address>
         <size>0x50</size>
         <input_file_ref idref="fl-7"/>
      </object_component>
      <object_component id="oc-204">
         <name>.text:ATresponse</name>
         <load_address>0xdb30</load_address>
         <run_address>0xdb30</run_address>
         <size>0x4a</size>
         <input_file_ref idref="fl-7"/>
      </object_component>
      <object_component id="oc-1f1">
         <name>.text:shutdown</name>
         <load_address>0xdb7a</load_address>
         <run_address>0xdb7a</run_address>
         <size>0x4a</size>
         <input_file_ref idref="fl-7"/>
      </object_component>
      <object_component id="oc-324">
         <name>.text:phone_off</name>
         <load_address>0xdbc4</load_address>
         <run_address>0xdbc4</run_address>
         <size>0x48</size>
         <input_file_ref idref="fl-7"/>
      </object_component>
      <object_component id="oc-1a0">
         <name>.text:Timer0_B3_graceInit</name>
         <load_address>0xdc0c</load_address>
         <run_address>0xdc0c</run_address>
         <size>0x46</size>
         <input_file_ref idref="fl-5f"/>
      </object_component>
      <object_component id="oc-15d">
         <name>.text:sensor_connection</name>
         <load_address>0xdc52</load_address>
         <run_address>0xdc52</run_address>
         <size>0x44</size>
         <input_file_ref idref="fl-7"/>
      </object_component>
      <object_component id="oc-214">
         <name>.text:await_sensor_connection</name>
         <load_address>0xdc96</load_address>
         <run_address>0xdc96</run_address>
         <size>0x3e</size>
         <input_file_ref idref="fl-7"/>
      </object_component>
      <object_component id="oc-2a7">
         <name>.text:CS_clearAllOscFlagsWithTimeout</name>
         <load_address>0xdcd4</load_address>
         <run_address>0xdcd4</run_address>
         <size>0x3c</size>
         <input_file_ref idref="fl-69"/>
      </object_component>
      <object_component id="oc-223">
         <name>.text:move_string</name>
         <load_address>0xdd10</load_address>
         <run_address>0xdd10</run_address>
         <size>0x36</size>
         <input_file_ref idref="fl-7"/>
      </object_component>
      <object_component id="oc-115">
         <name>.text:reset</name>
         <load_address>0xdd46</load_address>
         <run_address>0xdd46</run_address>
         <size>0x36</size>
         <input_file_ref idref="fl-7"/>
      </object_component>
      <object_component id="oc-136">
         <name>.text:cell_reception</name>
         <load_address>0xdd7c</load_address>
         <run_address>0xdd7c</run_address>
         <size>0x34</size>
         <input_file_ref idref="fl-7"/>
      </object_component>
      <object_component id="oc-109">
         <name>.text:Grace_init</name>
         <load_address>0xddb0</load_address>
         <run_address>0xddb0</run_address>
         <size>0x32</size>
         <input_file_ref idref="fl-5e"/>
      </object_component>
      <object_component id="oc-33c">
         <name>.text:rs485_on</name>
         <load_address>0xdde2</load_address>
         <run_address>0xdde2</run_address>
         <size>0x2e</size>
         <input_file_ref idref="fl-7"/>
      </object_component>
      <object_component id="oc-235">
         <name>.text:sendMessage</name>
         <load_address>0xde10</load_address>
         <run_address>0xde10</run_address>
         <size>0x2a</size>
         <input_file_ref idref="fl-7"/>
      </object_component>
      <object_component id="oc-7e">
         <name>.text:_isr:_c_int00_noexit</name>
         <load_address>0xde3a</load_address>
         <run_address>0xde3a</run_address>
         <size>0x26</size>
         <input_file_ref idref="fl-d"/>
      </object_component>
      <object_component id="oc-1fe">
         <name>.text:sendATcommand</name>
         <load_address>0xde60</load_address>
         <run_address>0xde60</run_address>
         <size>0x26</size>
         <input_file_ref idref="fl-7"/>
      </object_component>
      <object_component id="oc-8f">
         <name>.text:decompress:ZI:__TI_zero_init</name>
         <load_address>0xde86</load_address>
         <run_address>0xde86</run_address>
         <size>0x24</size>
         <input_file_ref idref="fl-43"/>
      </object_component>
      <object_component id="oc-130">
         <name>.text:power_monitor</name>
         <load_address>0xdeaa</load_address>
         <run_address>0xdeaa</run_address>
         <size>0x24</size>
         <input_file_ref idref="fl-7"/>
      </object_component>
      <object_component id="oc-28f">
         <name>.text:CS_setExternalClockSource</name>
         <load_address>0xdece</load_address>
         <run_address>0xdece</run_address>
         <size>0x22</size>
         <input_file_ref idref="fl-69"/>
      </object_component>
      <object_component id="oc-30a">
         <name>.text:EUSCI_A_UART_disableInterrupt</name>
         <load_address>0xdef0</load_address>
         <run_address>0xdef0</run_address>
         <size>0x22</size>
         <input_file_ref idref="fl-6a"/>
      </object_component>
      <object_component id="oc-1b8">
         <name>.text:REF_graceInit</name>
         <load_address>0xdf12</load_address>
         <run_address>0xdf12</run_address>
         <size>0x22</size>
         <input_file_ref idref="fl-63"/>
      </object_component>
      <object_component id="oc-1f8">
         <name>.text:reset_phone_UART</name>
         <load_address>0xdf34</load_address>
         <run_address>0xdf34</run_address>
         <size>0x20</size>
         <input_file_ref idref="fl-7"/>
      </object_component>
      <object_component id="oc-38d">
         <name>.text:send_nibble</name>
         <load_address>0xdf54</load_address>
         <run_address>0xdf54</run_address>
         <size>0x20</size>
         <input_file_ref idref="fl-7"/>
      </object_component>
      <object_component id="oc-1e5">
         <name>.text:wait</name>
         <load_address>0xdf74</load_address>
         <run_address>0xdf74</run_address>
         <size>0x20</size>
         <input_file_ref idref="fl-7"/>
      </object_component>
      <object_component id="oc-2c0">
         <name>.text:ADC10_B_setupSamplingTimer</name>
         <load_address>0xdf94</load_address>
         <run_address>0xdf94</run_address>
         <size>0x1a</size>
         <input_file_ref idref="fl-68"/>
      </object_component>
      <object_component id="oc-2ad">
         <name>.text:CS_disableClockRequest</name>
         <load_address>0xdfae</load_address>
         <run_address>0xdfae</run_address>
         <size>0x1a</size>
         <input_file_ref idref="fl-69"/>
      </object_component>
      <object_component id="oc-29b">
         <name>.text:CS_setDCOFreq</name>
         <load_address>0xdfc8</load_address>
         <run_address>0xdfc8</run_address>
         <size>0x18</size>
         <input_file_ref idref="fl-69"/>
      </object_component>
      <object_component id="oc-350">
         <name>.text:send_byte</name>
         <load_address>0xdfe0</load_address>
         <run_address>0xdfe0</run_address>
         <size>0x18</size>
         <input_file_ref idref="fl-7"/>
      </object_component>
      <object_component id="oc-2cc">
         <name>.text:ADC10_B_setSampleHoldSignalInversion</name>
         <load_address>0xdff8</load_address>
         <run_address>0xdff8</run_address>
         <size>0x16</size>
         <input_file_ref idref="fl-68"/>
      </object_component>
      <object_component id="oc-163">
         <name>.text:watchdog_reset</name>
         <load_address>0xe00e</load_address>
         <run_address>0xe00e</run_address>
         <size>0x16</size>
         <input_file_ref idref="fl-7"/>
      </object_component>
      <object_component id="oc-2d2">
         <name>.text:ADC10_B_setDataReadBackFormat</name>
         <load_address>0xe024</load_address>
         <run_address>0xe024</run_address>
         <size>0x14</size>
         <input_file_ref idref="fl-68"/>
      </object_component>
      <object_component id="oc-2d8">
         <name>.text:ADC10_B_setReferenceBufferSamplingRate</name>
         <load_address>0xe038</load_address>
         <run_address>0xe038</run_address>
         <size>0x14</size>
         <input_file_ref idref="fl-68"/>
      </object_component>
      <object_component id="oc-304">
         <name>.text:EUSCI_A_UART_selectDeglitchTime</name>
         <load_address>0xe04c</load_address>
         <run_address>0xe04c</run_address>
         <size>0x14</size>
         <input_file_ref idref="fl-6a"/>
      </object_component>
      <object_component id="oc-314">
         <name>.text:WDT_A_watchdogTimerInit</name>
         <load_address>0xe060</load_address>
         <run_address>0xe060</run_address>
         <size>0x14</size>
         <input_file_ref idref="fl-6d"/>
      </object_component>
      <object_component id="oc-d7">
         <name>.text:memcpy</name>
         <load_address>0xe074</load_address>
         <run_address>0xe074</run_address>
         <size>0x14</size>
         <input_file_ref idref="fl-5c"/>
      </object_component>
      <object_component id="oc-24d">
         <name>.text:send_integer</name>
         <load_address>0xe088</load_address>
         <run_address>0xe088</run_address>
         <size>0x14</size>
         <input_file_ref idref="fl-7"/>
      </object_component>
      <object_component id="oc-2c6">
         <name>.text:ADC10_B_memoryConfigure</name>
         <load_address>0xe09c</load_address>
         <run_address>0xe09c</run_address>
         <size>0x12</size>
         <input_file_ref idref="fl-68"/>
      </object_component>
      <object_component id="oc-1d6">
         <name>.text:WDT_A_graceInit</name>
         <load_address>0xe0ae</load_address>
         <run_address>0xe0ae</run_address>
         <size>0x12</size>
         <input_file_ref idref="fl-67"/>
      </object_component>
      <object_component id="oc-89">
         <name>.text:decompress:none:__TI_decompress_none</name>
         <load_address>0xe0c0</load_address>
         <run_address>0xe0c0</run_address>
         <size>0x12</size>
         <input_file_ref idref="fl-41"/>
      </object_component>
      <object_component id="oc-1de">
         <name>.text:sleep</name>
         <load_address>0xe0d2</load_address>
         <run_address>0xe0d2</run_address>
         <size>0x12</size>
         <input_file_ref idref="fl-7"/>
      </object_component>
      <object_component id="oc-2de">
         <name>.text:ADC10_B_disableInterrupt</name>
         <load_address>0xe0e4</load_address>
         <run_address>0xe0e4</run_address>
         <size>0xe</size>
         <input_file_ref idref="fl-68"/>
      </object_component>
      <object_component id="oc-2e5">
         <name>.text:REF_setReferenceVoltage</name>
         <load_address>0xe0f2</load_address>
         <run_address>0xe0f2</run_address>
         <size>0xc</size>
         <input_file_ref idref="fl-6b"/>
      </object_component>
      <object_component id="oc-27b">
         <name>.text:TIMER_B_selectCounterLength</name>
         <load_address>0xe0fe</load_address>
         <run_address>0xe0fe</run_address>
         <size>0xc</size>
         <input_file_ref idref="fl-6c"/>
      </object_component>
      <object_component id="oc-ff">
         <name>.text:.bootCodeSection:ti_catalog_msp430_init_Boot_init</name>
         <load_address>0xe10a</load_address>
         <run_address>0xe10a</run_address>
         <size>0xa</size>
         <input_file_ref idref="fl-3"/>
      </object_component>
      <object_component id="oc-192">
         <name>.text:.bootCodeSection:ti_catalog_msp430_init_Boot_disableWatchdog</name>
         <load_address>0xe114</load_address>
         <run_address>0xe114</run_address>
         <size>0x8</size>
         <input_file_ref idref="fl-f"/>
      </object_component>
      <object_component id="oc-2ba">
         <name>.text:ADC10_B_enable</name>
         <load_address>0xe11c</load_address>
         <run_address>0xe11c</run_address>
         <size>0x8</size>
         <input_file_ref idref="fl-68"/>
      </object_component>
      <object_component id="oc-1d0">
         <name>.text:System_graceInit</name>
         <load_address>0xe124</load_address>
         <run_address>0xe124</run_address>
         <size>0x8</size>
         <input_file_ref idref="fl-66"/>
      </object_component>
      <object_component id="oc-2fe">
         <name>.text:EUSCI_A_UART_enable</name>
         <load_address>0xe12c</load_address>
         <run_address>0xe12c</run_address>
         <size>0x6</size>
         <input_file_ref idref="fl-6a"/>
      </object_component>
      <object_component id="oc-2f1">
         <name>.text:REF_disableTempSensor</name>
         <load_address>0xe132</load_address>
         <run_address>0xe132</run_address>
         <size>0x6</size>
         <input_file_ref idref="fl-6b"/>
      </object_component>
      <object_component id="oc-2eb">
         <name>.text:REF_enableReferenceVoltage</name>
         <load_address>0xe138</load_address>
         <run_address>0xe138</run_address>
         <size>0x6</size>
         <input_file_ref idref="fl-6b"/>
      </object_component>
      <object_component id="oc-287">
         <name>.text:TIMER_B_startCounter</name>
         <load_address>0xe13e</load_address>
         <run_address>0xe13e</run_address>
         <size>0x6</size>
         <input_file_ref idref="fl-6c"/>
      </object_component>
      <object_component id="oc-a2">
         <name>.text:__TI_ISR_TRAP</name>
         <load_address>0xe144</load_address>
         <run_address>0xe144</run_address>
         <size>0x6</size>
         <input_file_ref idref="fl-5b"/>
      </object_component>
      <object_component id="oc-95">
         <name>.text:decompress:rle24:__TI_decompress_rle24</name>
         <load_address>0xe14a</load_address>
         <run_address>0xe14a</run_address>
         <size>0x6</size>
         <input_file_ref idref="fl-42"/>
      </object_component>
      <object_component id="oc-ad">
         <name>.text:xdc_runtime_Startup_reset__I</name>
         <load_address>0xe150</load_address>
         <run_address>0xe150</run_address>
         <size>0x6</size>
         <input_file_ref idref="fl-3"/>
      </object_component>
      <object_component id="oc-b3">
         <name>.text:_system_pre_init</name>
         <load_address>0xe156</load_address>
         <run_address>0xe156</run_address>
         <size>0x4</size>
         <input_file_ref idref="fl-e"/>
      </object_component>
      <object_component id="oc-c5">
         <name>.text:abort</name>
         <load_address>0xe15a</load_address>
         <run_address>0xe15a</run_address>
         <size>0x4</size>
         <input_file_ref idref="fl-44"/>
      </object_component>
      <object_component id="oc-1ca">
         <name>.text:InterruptVectors_graceInit</name>
         <load_address>0xe15e</load_address>
         <run_address>0xe15e</run_address>
         <size>0x2</size>
         <input_file_ref idref="fl-10"/>
      </object_component>
      <object_component id="oc-a7">
         <name>.text:_isr:PORT1_ISR_HOOK</name>
         <load_address>0xe160</load_address>
         <run_address>0xe160</run_address>
         <size>0x2</size>
         <input_file_ref idref="fl-10"/>
      </object_component>
      <object_component id="oc-20a">
         <name>.fram_vars:uninit</name>
         <load_address>0xf000</load_address>
         <run_address>0xf000</run_address>
         <size>0x142</size>
         <input_file_ref idref="fl-7"/>
      </object_component>
      <object_component id="oc-13c">
         <name>.fram_vars:init</name>
         <load_address>0xf142</load_address>
         <run_address>0xf142</run_address>
         <size>0x6a</size>
         <input_file_ref idref="fl-7"/>
      </object_component>
      <object_component id="oc-9e">
         <name>.stack</name>
         <uninitialized>true</uninitialized>
         <run_address>0x1fc0</run_address>
         <size>0x4</size>
         <input_file_ref idref="fl-d"/>
      </object_component>
      <object_component id="oc-3fd">
         <name>.stack</name>
         <uninitialized>true</uninitialized>
         <run_address>0x1fc0</run_address>
         <size>0x0</size>
      </object_component>
      <object_component id="oc-6b">
         <name>.int31</name>
         <load_address>0xffce</load_address>
         <run_address>0xffce</run_address>
         <size>0x2</size>
         <input_file_ref idref="fl-45"/>
      </object_component>
      <object_component id="oc-6c">
         <name>.int32</name>
         <load_address>0xffd0</load_address>
         <run_address>0xffd0</run_address>
         <size>0x2</size>
         <input_file_ref idref="fl-46"/>
      </object_component>
      <object_component id="oc-6d">
         <name>.int33</name>
         <load_address>0xffd2</load_address>
         <run_address>0xffd2</run_address>
         <size>0x2</size>
         <input_file_ref idref="fl-47"/>
      </object_component>
      <object_component id="oc-6e">
         <name>.int34</name>
         <load_address>0xffd4</load_address>
         <run_address>0xffd4</run_address>
         <size>0x2</size>
         <input_file_ref idref="fl-48"/>
      </object_component>
      <object_component id="oc-6f">
         <name>.int35</name>
         <load_address>0xffd6</load_address>
         <run_address>0xffd6</run_address>
         <size>0x2</size>
         <input_file_ref idref="fl-49"/>
      </object_component>
      <object_component id="oc-70">
         <name>.int36</name>
         <load_address>0xffd8</load_address>
         <run_address>0xffd8</run_address>
         <size>0x2</size>
         <input_file_ref idref="fl-4a"/>
      </object_component>
      <object_component id="oc-71">
         <name>.int37</name>
         <load_address>0xffda</load_address>
         <run_address>0xffda</run_address>
         <size>0x2</size>
         <input_file_ref idref="fl-4b"/>
      </object_component>
      <object_component id="oc-72">
         <name>.int38</name>
         <load_address>0xffdc</load_address>
         <run_address>0xffdc</run_address>
         <size>0x2</size>
         <input_file_ref idref="fl-4c"/>
      </object_component>
      <object_component id="oc-73">
         <name>.int39</name>
         <load_address>0xffde</load_address>
         <run_address>0xffde</run_address>
         <size>0x2</size>
         <input_file_ref idref="fl-10"/>
      </object_component>
      <object_component id="oc-74">
         <name>.int40</name>
         <load_address>0xffe0</load_address>
         <run_address>0xffe0</run_address>
         <size>0x2</size>
         <input_file_ref idref="fl-4d"/>
      </object_component>
      <object_component id="oc-75">
         <name>.int41</name>
         <load_address>0xffe2</load_address>
         <run_address>0xffe2</run_address>
         <size>0x2</size>
         <input_file_ref idref="fl-4e"/>
      </object_component>
      <object_component id="oc-76">
         <name>.int42</name>
         <load_address>0xffe4</load_address>
         <run_address>0xffe4</run_address>
         <size>0x2</size>
         <input_file_ref idref="fl-4f"/>
      </object_component>
      <object_component id="oc-77">
         <name>.int43</name>
         <load_address>0xffe6</load_address>
         <run_address>0xffe6</run_address>
         <size>0x2</size>
         <input_file_ref idref="fl-50"/>
      </object_component>
      <object_component id="oc-78">
         <name>.int44</name>
         <load_address>0xffe8</load_address>
         <run_address>0xffe8</run_address>
         <size>0x2</size>
         <input_file_ref idref="fl-51"/>
      </object_component>
      <object_component id="oc-79">
         <name>.int45</name>
         <load_address>0xffea</load_address>
         <run_address>0xffea</run_address>
         <size>0x2</size>
         <input_file_ref idref="fl-52"/>
      </object_component>
      <object_component id="oc-7a">
         <name>.int46</name>
         <load_address>0xffec</load_address>
         <run_address>0xffec</run_address>
         <size>0x2</size>
         <input_file_ref idref="fl-53"/>
      </object_component>
      <object_component id="oc-7b">
         <name>.int47</name>
         <load_address>0xffee</load_address>
         <run_address>0xffee</run_address>
         <size>0x2</size>
         <input_file_ref idref="fl-54"/>
      </object_component>
      <object_component id="oc-7c">
         <name>.int48</name>
         <load_address>0xfff0</load_address>
         <run_address>0xfff0</run_address>
         <size>0x2</size>
         <input_file_ref idref="fl-55"/>
      </object_component>
      <object_component id="oc-7d">
         <name>.int49</name>
         <load_address>0xfff2</load_address>
         <run_address>0xfff2</run_address>
         <size>0x2</size>
         <input_file_ref idref="fl-56"/>
      </object_component>
      <object_component id="oc-84">
         <name>.int50</name>
         <load_address>0xfff4</load_address>
         <run_address>0xfff4</run_address>
         <size>0x2</size>
         <input_file_ref idref="fl-57"/>
      </object_component>
      <object_component id="oc-85">
         <name>.int51</name>
         <load_address>0xfff6</load_address>
         <run_address>0xfff6</run_address>
         <size>0x2</size>
         <input_file_ref idref="fl-10"/>
      </object_component>
      <object_component id="oc-86">
         <name>.int52</name>
         <load_address>0xfff8</load_address>
         <run_address>0xfff8</run_address>
         <size>0x2</size>
         <input_file_ref idref="fl-58"/>
      </object_component>
      <object_component id="oc-87">
         <name>.int53</name>
         <load_address>0xfffa</load_address>
         <run_address>0xfffa</run_address>
         <size>0x2</size>
         <input_file_ref idref="fl-59"/>
      </object_component>
      <object_component id="oc-88">
         <name>.int54</name>
         <load_address>0xfffc</load_address>
         <run_address>0xfffc</run_address>
         <size>0x2</size>
         <input_file_ref idref="fl-5a"/>
      </object_component>
      <object_component id="oc-a1">
         <name>.reset</name>
         <load_address>0xfffe</load_address>
         <run_address>0xfffe</run_address>
         <size>0x2</size>
         <input_file_ref idref="fl-d"/>
      </object_component>
      <object_component id="oc-322">
         <name>.common:x</name>
         <uninitialized>true</uninitialized>
         <run_address>0x1d26</run_address>
         <size>0x4</size>
      </object_component>
      <object_component id="oc-339">
         <name>.common:y</name>
         <uninitialized>true</uninitialized>
         <run_address>0x1d2a</run_address>
         <size>0x2</size>
      </object_component>
      <object_component id="oc-337">
         <name>.common:z</name>
         <uninitialized>true</uninitialized>
         <run_address>0x1d2c</run_address>
         <size>0x2</size>
      </object_component>
      <object_component id="oc-12d">
         <name>.data</name>
         <load_address>0x1d00</load_address>
         <run_address>0x1d00</run_address>
         <size>0x11</size>
         <input_file_ref idref="fl-7"/>
      </object_component>
      <object_component id="oc-16b">
         <name>.data:led</name>
         <load_address>0x1d1a</load_address>
         <run_address>0x1d1a</run_address>
         <size>0x3</size>
         <input_file_ref idref="fl-7"/>
      </object_component>
      <object_component id="oc-16e">
         <name>.data:led_count</name>
         <load_address>0x1d22</load_address>
         <run_address>0x1d22</run_address>
         <size>0x3</size>
         <input_file_ref idref="fl-7"/>
      </object_component>
      <object_component id="oc-174">
         <name>.data:led_blinks</name>
         <load_address>0x1d1e</load_address>
         <run_address>0x1d1e</run_address>
         <size>0x3</size>
         <input_file_ref idref="fl-7"/>
      </object_component>
      <object_component id="oc-220">
         <name>.data:messages</name>
         <load_address>0x1c00</load_address>
         <run_address>0x1c00</run_address>
         <size>0x100</size>
         <input_file_ref idref="fl-7"/>
      </object_component>
      <object_component id="oc-36d">
         <name>.data</name>
         <load_address>0x1d12</load_address>
         <run_address>0x1d12</run_address>
         <size>0x8</size>
         <input_file_ref idref="fl-69"/>
      </object_component>
      <object_component id="oc-7f">
         <name>.debug_info</name>
         <load_address>0x0</load_address>
         <run_address>0x0</run_address>
         <size>0x192</size>
         <input_file_ref idref="fl-d"/>
      </object_component>
      <object_component id="oc-8a">
         <name>.debug_info</name>
         <load_address>0x192</load_address>
         <run_address>0x192</run_address>
         <size>0x194</size>
         <input_file_ref idref="fl-41"/>
      </object_component>
      <object_component id="oc-90">
         <name>.debug_info</name>
         <load_address>0x326</load_address>
         <run_address>0x326</run_address>
         <size>0x16f</size>
         <input_file_ref idref="fl-43"/>
      </object_component>
      <object_component id="oc-98">
         <name>.debug_info</name>
         <load_address>0x495</load_address>
         <run_address>0x495</run_address>
         <size>0x18e</size>
         <input_file_ref idref="fl-42"/>
      </object_component>
      <object_component id="oc-9c">
         <name>.debug_info</name>
         <load_address>0x623</load_address>
         <run_address>0x623</run_address>
         <size>0x17c</size>
         <input_file_ref idref="fl-3"/>
      </object_component>
      <object_component id="oc-9f">
         <name>.debug_info</name>
         <load_address>0x79f</load_address>
         <run_address>0x79f</run_address>
         <size>0xd4</size>
         <input_file_ref idref="fl-d"/>
      </object_component>
      <object_component id="oc-a4">
         <name>.debug_info</name>
         <load_address>0x873</load_address>
         <run_address>0x873</run_address>
         <size>0xc2</size>
         <input_file_ref idref="fl-5b"/>
      </object_component>
      <object_component id="oc-a8">
         <name>.debug_info</name>
         <load_address>0x935</load_address>
         <run_address>0x935</run_address>
         <size>0x13a</size>
         <input_file_ref idref="fl-10"/>
      </object_component>
      <object_component id="oc-ae">
         <name>.debug_info</name>
         <load_address>0xa6f</load_address>
         <run_address>0xa6f</run_address>
         <size>0x195</size>
         <input_file_ref idref="fl-3"/>
      </object_component>
      <object_component id="oc-b7">
         <name>.debug_info</name>
         <load_address>0xc04</load_address>
         <run_address>0xc04</run_address>
         <size>0x11c</size>
         <input_file_ref idref="fl-e"/>
      </object_component>
      <object_component id="oc-bb">
         <name>.debug_info</name>
         <load_address>0xd20</load_address>
         <run_address>0xd20</run_address>
         <size>0x1a0</size>
         <input_file_ref idref="fl-40"/>
      </object_component>
      <object_component id="oc-c0">
         <name>.debug_info</name>
         <load_address>0xec0</load_address>
         <run_address>0xec0</run_address>
         <size>0x229</size>
         <input_file_ref idref="fl-7"/>
      </object_component>
      <object_component id="oc-c6">
         <name>.debug_info</name>
         <load_address>0x10e9</load_address>
         <run_address>0x10e9</run_address>
         <size>0xcc</size>
         <input_file_ref idref="fl-44"/>
      </object_component>
      <object_component id="oc-cc">
         <name>.debug_info</name>
         <load_address>0x11b5</load_address>
         <run_address>0x11b5</run_address>
         <size>0x84</size>
         <input_file_ref idref="fl-3"/>
      </object_component>
      <object_component id="oc-d4">
         <name>.debug_info</name>
         <load_address>0x1239</load_address>
         <run_address>0x1239</run_address>
         <size>0x15c</size>
         <input_file_ref idref="fl-10"/>
      </object_component>
      <object_component id="oc-db">
         <name>.debug_info</name>
         <load_address>0x1395</load_address>
         <run_address>0x1395</run_address>
         <size>0x157</size>
         <input_file_ref idref="fl-5c"/>
      </object_component>
      <object_component id="oc-de">
         <name>.debug_info</name>
         <load_address>0x14ec</load_address>
         <run_address>0x14ec</run_address>
         <size>0x46</size>
         <input_file_ref idref="fl-41"/>
      </object_component>
      <object_component id="oc-e3">
         <name>.debug_info</name>
         <load_address>0x1532</load_address>
         <run_address>0x1532</run_address>
         <size>0x17b</size>
         <input_file_ref idref="fl-41"/>
      </object_component>
      <object_component id="oc-e5">
         <name>.debug_info</name>
         <load_address>0x16ad</load_address>
         <run_address>0x16ad</run_address>
         <size>0x46</size>
         <input_file_ref idref="fl-43"/>
      </object_component>
      <object_component id="oc-ea">
         <name>.debug_info</name>
         <load_address>0x16f3</load_address>
         <run_address>0x16f3</run_address>
         <size>0x129</size>
         <input_file_ref idref="fl-43"/>
      </object_component>
      <object_component id="oc-ed">
         <name>.debug_info</name>
         <load_address>0x181c</load_address>
         <run_address>0x181c</run_address>
         <size>0x1ef</size>
         <input_file_ref idref="fl-42"/>
      </object_component>
      <object_component id="oc-f2">
         <name>.debug_info</name>
         <load_address>0x1a0b</load_address>
         <run_address>0x1a0b</run_address>
         <size>0x138</size>
         <input_file_ref idref="fl-42"/>
      </object_component>
      <object_component id="oc-f3">
         <name>.debug_info</name>
         <load_address>0x1b43</load_address>
         <run_address>0x1b43</run_address>
         <size>0x39</size>
         <input_file_ref idref="fl-42"/>
      </object_component>
      <object_component id="oc-fa">
         <name>.debug_info</name>
         <load_address>0x1b7c</load_address>
         <run_address>0x1b7c</run_address>
         <size>0x233</size>
         <input_file_ref idref="fl-3"/>
      </object_component>
      <object_component id="oc-100">
         <name>.debug_info</name>
         <load_address>0x1daf</load_address>
         <run_address>0x1daf</run_address>
         <size>0x1a8</size>
         <input_file_ref idref="fl-3"/>
      </object_component>
      <object_component id="oc-108">
         <name>.debug_info</name>
         <load_address>0x1f57</load_address>
         <run_address>0x1f57</run_address>
         <size>0x2d8</size>
         <input_file_ref idref="fl-40"/>
      </object_component>
      <object_component id="oc-10b">
         <name>.debug_info</name>
         <load_address>0x222f</load_address>
         <run_address>0x222f</run_address>
         <size>0x1fe</size>
         <input_file_ref idref="fl-5e"/>
      </object_component>
      <object_component id="oc-110">
         <name>.debug_info</name>
         <load_address>0x242d</load_address>
         <run_address>0x242d</run_address>
         <size>0x1a1</size>
         <input_file_ref idref="fl-7"/>
      </object_component>
      <object_component id="oc-116">
         <name>.debug_info</name>
         <load_address>0x25ce</load_address>
         <run_address>0x25ce</run_address>
         <size>0x14d</size>
         <input_file_ref idref="fl-7"/>
      </object_component>
      <object_component id="oc-11c">
         <name>.debug_info</name>
         <load_address>0x271b</load_address>
         <run_address>0x271b</run_address>
         <size>0x19b</size>
         <input_file_ref idref="fl-7"/>
      </object_component>
      <object_component id="oc-122">
         <name>.debug_info</name>
         <load_address>0x28b6</load_address>
         <run_address>0x28b6</run_address>
         <size>0x1e8</size>
         <input_file_ref idref="fl-7"/>
      </object_component>
      <object_component id="oc-128">
         <name>.debug_info</name>
         <load_address>0x2a9e</load_address>
         <run_address>0x2a9e</run_address>
         <size>0x362</size>
         <input_file_ref idref="fl-7"/>
      </object_component>
      <object_component id="oc-12e">
         <name>.debug_info</name>
         <load_address>0x2e00</load_address>
         <run_address>0x2e00</run_address>
         <size>0x343</size>
         <input_file_ref idref="fl-7"/>
      </object_component>
      <object_component id="oc-131">
         <name>.debug_info</name>
         <load_address>0x3143</load_address>
         <run_address>0x3143</run_address>
         <size>0x152</size>
         <input_file_ref idref="fl-7"/>
      </object_component>
      <object_component id="oc-137">
         <name>.debug_info</name>
         <load_address>0x3295</load_address>
         <run_address>0x3295</run_address>
         <size>0x190</size>
         <input_file_ref idref="fl-7"/>
      </object_component>
      <object_component id="oc-13d">
         <name>.debug_info</name>
         <load_address>0x3425</load_address>
         <run_address>0x3425</run_address>
         <size>0x22d</size>
         <input_file_ref idref="fl-7"/>
      </object_component>
      <object_component id="oc-140">
         <name>.debug_info</name>
         <load_address>0x3652</load_address>
         <run_address>0x3652</run_address>
         <size>0x248</size>
         <input_file_ref idref="fl-7"/>
      </object_component>
      <object_component id="oc-146">
         <name>.debug_info</name>
         <load_address>0x389a</load_address>
         <run_address>0x389a</run_address>
         <size>0x18e</size>
         <input_file_ref idref="fl-7"/>
      </object_component>
      <object_component id="oc-14c">
         <name>.debug_info</name>
         <load_address>0x3a28</load_address>
         <run_address>0x3a28</run_address>
         <size>0x234</size>
         <input_file_ref idref="fl-7"/>
      </object_component>
      <object_component id="oc-152">
         <name>.debug_info</name>
         <load_address>0x3c5c</load_address>
         <run_address>0x3c5c</run_address>
         <size>0x20a</size>
         <input_file_ref idref="fl-7"/>
      </object_component>
      <object_component id="oc-158">
         <name>.debug_info</name>
         <load_address>0x3e66</load_address>
         <run_address>0x3e66</run_address>
         <size>0x1ef</size>
         <input_file_ref idref="fl-7"/>
      </object_component>
      <object_component id="oc-15e">
         <name>.debug_info</name>
         <load_address>0x4055</load_address>
         <run_address>0x4055</run_address>
         <size>0x130</size>
         <input_file_ref idref="fl-7"/>
      </object_component>
      <object_component id="oc-164">
         <name>.debug_info</name>
         <load_address>0x4185</load_address>
         <run_address>0x4185</run_address>
         <size>0x11b</size>
         <input_file_ref idref="fl-7"/>
      </object_component>
      <object_component id="oc-16c">
         <name>.debug_info</name>
         <load_address>0x42a0</load_address>
         <run_address>0x42a0</run_address>
         <size>0xd9</size>
         <input_file_ref idref="fl-7"/>
      </object_component>
      <object_component id="oc-16f">
         <name>.debug_info</name>
         <load_address>0x4379</load_address>
         <run_address>0x4379</run_address>
         <size>0xe5</size>
         <input_file_ref idref="fl-7"/>
      </object_component>
      <object_component id="oc-172">
         <name>.debug_info</name>
         <load_address>0x445e</load_address>
         <run_address>0x445e</run_address>
         <size>0xdf</size>
         <input_file_ref idref="fl-7"/>
      </object_component>
      <object_component id="oc-175">
         <name>.debug_info</name>
         <load_address>0x453d</load_address>
         <run_address>0x453d</run_address>
         <size>0xe7</size>
         <input_file_ref idref="fl-7"/>
      </object_component>
      <object_component id="oc-179">
         <name>.debug_info</name>
         <load_address>0x4624</load_address>
         <run_address>0x4624</run_address>
         <size>0x13b</size>
         <input_file_ref idref="fl-5c"/>
      </object_component>
      <object_component id="oc-17a">
         <name>.debug_info</name>
         <load_address>0x475f</load_address>
         <run_address>0x475f</run_address>
         <size>0x2c</size>
         <input_file_ref idref="fl-5c"/>
      </object_component>
      <object_component id="oc-181">
         <name>.debug_info</name>
         <load_address>0x478b</load_address>
         <run_address>0x478b</run_address>
         <size>0x2c</size>
         <input_file_ref idref="fl-41"/>
      </object_component>
      <object_component id="oc-18d">
         <name>.debug_info</name>
         <load_address>0x47b7</load_address>
         <run_address>0x47b7</run_address>
         <size>0x339</size>
         <input_file_ref idref="fl-3"/>
      </object_component>
      <object_component id="oc-193">
         <name>.debug_info</name>
         <load_address>0x4af0</load_address>
         <run_address>0x4af0</run_address>
         <size>0x16e</size>
         <input_file_ref idref="fl-f"/>
      </object_component>
      <object_component id="oc-19b">
         <name>.debug_info</name>
         <load_address>0x4c5e</load_address>
         <run_address>0x4c5e</run_address>
         <size>0x39</size>
         <input_file_ref idref="fl-40"/>
      </object_component>
      <object_component id="oc-1a3">
         <name>.debug_info</name>
         <load_address>0x4c97</load_address>
         <run_address>0x4c97</run_address>
         <size>0x189</size>
         <input_file_ref idref="fl-5f"/>
      </object_component>
      <object_component id="oc-1aa">
         <name>.debug_info</name>
         <load_address>0x4e20</load_address>
         <run_address>0x4e20</run_address>
         <size>0x115</size>
         <input_file_ref idref="fl-60"/>
      </object_component>
      <object_component id="oc-1ad">
         <name>.debug_info</name>
         <load_address>0x4f35</load_address>
         <run_address>0x4f35</run_address>
         <size>0x206</size>
         <input_file_ref idref="fl-61"/>
      </object_component>
      <object_component id="oc-1b3">
         <name>.debug_info</name>
         <load_address>0x513b</load_address>
         <run_address>0x513b</run_address>
         <size>0x283</size>
         <input_file_ref idref="fl-62"/>
      </object_component>
      <object_component id="oc-1b9">
         <name>.debug_info</name>
         <load_address>0x53be</load_address>
         <run_address>0x53be</run_address>
         <size>0x16b</size>
         <input_file_ref idref="fl-63"/>
      </object_component>
      <object_component id="oc-1c2">
         <name>.debug_info</name>
         <load_address>0x5529</load_address>
         <run_address>0x5529</run_address>
         <size>0x1d0</size>
         <input_file_ref idref="fl-64"/>
      </object_component>
      <object_component id="oc-1c7">
         <name>.debug_info</name>
         <load_address>0x56f9</load_address>
         <run_address>0x56f9</run_address>
         <size>0x1d0</size>
         <input_file_ref idref="fl-65"/>
      </object_component>
      <object_component id="oc-1cd">
         <name>.debug_info</name>
         <load_address>0x58c9</load_address>
         <run_address>0x58c9</run_address>
         <size>0x151</size>
         <input_file_ref idref="fl-10"/>
      </object_component>
      <object_component id="oc-1d2">
         <name>.debug_info</name>
         <load_address>0x5a1a</load_address>
         <run_address>0x5a1a</run_address>
         <size>0x11f</size>
         <input_file_ref idref="fl-66"/>
      </object_component>
      <object_component id="oc-1d7">
         <name>.debug_info</name>
         <load_address>0x5b39</load_address>
         <run_address>0x5b39</run_address>
         <size>0x138</size>
         <input_file_ref idref="fl-67"/>
      </object_component>
      <object_component id="oc-1df">
         <name>.debug_info</name>
         <load_address>0x5c71</load_address>
         <run_address>0x5c71</run_address>
         <size>0x12b</size>
         <input_file_ref idref="fl-7"/>
      </object_component>
      <object_component id="oc-1e6">
         <name>.debug_info</name>
         <load_address>0x5d9c</load_address>
         <run_address>0x5d9c</run_address>
         <size>0x166</size>
         <input_file_ref idref="fl-7"/>
      </object_component>
      <object_component id="oc-1ec">
         <name>.debug_info</name>
         <load_address>0x5f02</load_address>
         <run_address>0x5f02</run_address>
         <size>0x141</size>
         <input_file_ref idref="fl-7"/>
      </object_component>
      <object_component id="oc-1f2">
         <name>.debug_info</name>
         <load_address>0x6043</load_address>
         <run_address>0x6043</run_address>
         <size>0x15a</size>
         <input_file_ref idref="fl-7"/>
      </object_component>
      <object_component id="oc-1f9">
         <name>.debug_info</name>
         <load_address>0x619d</load_address>
         <run_address>0x619d</run_address>
         <size>0x135</size>
         <input_file_ref idref="fl-7"/>
      </object_component>
      <object_component id="oc-1ff">
         <name>.debug_info</name>
         <load_address>0x62d2</load_address>
         <run_address>0x62d2</run_address>
         <size>0x16e</size>
         <input_file_ref idref="fl-7"/>
      </object_component>
      <object_component id="oc-205">
         <name>.debug_info</name>
         <load_address>0x6440</load_address>
         <run_address>0x6440</run_address>
         <size>0x176</size>
         <input_file_ref idref="fl-7"/>
      </object_component>
      <object_component id="oc-20b">
         <name>.debug_info</name>
         <load_address>0x65b6</load_address>
         <run_address>0x65b6</run_address>
         <size>0x135</size>
         <input_file_ref idref="fl-7"/>
      </object_component>
      <object_component id="oc-20f">
         <name>.debug_info</name>
         <load_address>0x66eb</load_address>
         <run_address>0x66eb</run_address>
         <size>0x113</size>
         <input_file_ref idref="fl-7"/>
      </object_component>
      <object_component id="oc-215">
         <name>.debug_info</name>
         <load_address>0x67fe</load_address>
         <run_address>0x67fe</run_address>
         <size>0x1a4</size>
         <input_file_ref idref="fl-7"/>
      </object_component>
      <object_component id="oc-21b">
         <name>.debug_info</name>
         <load_address>0x69a2</load_address>
         <run_address>0x69a2</run_address>
         <size>0x15c</size>
         <input_file_ref idref="fl-7"/>
      </object_component>
      <object_component id="oc-221">
         <name>.debug_info</name>
         <load_address>0x6afe</load_address>
         <run_address>0x6afe</run_address>
         <size>0xe3</size>
         <input_file_ref idref="fl-7"/>
      </object_component>
      <object_component id="oc-224">
         <name>.debug_info</name>
         <load_address>0x6be1</load_address>
         <run_address>0x6be1</run_address>
         <size>0x295</size>
         <input_file_ref idref="fl-7"/>
      </object_component>
      <object_component id="oc-22a">
         <name>.debug_info</name>
         <load_address>0x6e76</load_address>
         <run_address>0x6e76</run_address>
         <size>0x1a5</size>
         <input_file_ref idref="fl-7"/>
      </object_component>
      <object_component id="oc-232">
         <name>.debug_info</name>
         <load_address>0x701b</load_address>
         <run_address>0x701b</run_address>
         <size>0x564</size>
         <input_file_ref idref="fl-7"/>
      </object_component>
      <object_component id="oc-236">
         <name>.debug_info</name>
         <load_address>0x757f</load_address>
         <run_address>0x757f</run_address>
         <size>0x1b2</size>
         <input_file_ref idref="fl-7"/>
      </object_component>
      <object_component id="oc-242">
         <name>.debug_info</name>
         <load_address>0x7731</load_address>
         <run_address>0x7731</run_address>
         <size>0xe6</size>
         <input_file_ref idref="fl-7"/>
      </object_component>
      <object_component id="oc-245">
         <name>.debug_info</name>
         <load_address>0x7817</load_address>
         <run_address>0x7817</run_address>
         <size>0x1bc</size>
         <input_file_ref idref="fl-7"/>
      </object_component>
      <object_component id="oc-24b">
         <name>.debug_info</name>
         <load_address>0x79d3</load_address>
         <run_address>0x79d3</run_address>
         <size>0xec</size>
         <input_file_ref idref="fl-7"/>
      </object_component>
      <object_component id="oc-24e">
         <name>.debug_info</name>
         <load_address>0x7abf</load_address>
         <run_address>0x7abf</run_address>
         <size>0x179</size>
         <input_file_ref idref="fl-7"/>
      </object_component>
      <object_component id="oc-254">
         <name>.debug_info</name>
         <load_address>0x7c38</load_address>
         <run_address>0x7c38</run_address>
         <size>0xea</size>
         <input_file_ref idref="fl-7"/>
      </object_component>
      <object_component id="oc-257">
         <name>.debug_info</name>
         <load_address>0x7d22</load_address>
         <run_address>0x7d22</run_address>
         <size>0xea</size>
         <input_file_ref idref="fl-7"/>
      </object_component>
      <object_component id="oc-25d">
         <name>.debug_info</name>
         <load_address>0x7e0c</load_address>
         <run_address>0x7e0c</run_address>
         <size>0xf4</size>
         <input_file_ref idref="fl-7"/>
      </object_component>
      <object_component id="oc-26a">
         <name>.debug_info</name>
         <load_address>0x7f00</load_address>
         <run_address>0x7f00</run_address>
         <size>0x46</size>
         <input_file_ref idref="fl-3"/>
      </object_component>
      <object_component id="oc-26f">
         <name>.debug_info</name>
         <load_address>0x7f46</load_address>
         <run_address>0x7f46</run_address>
         <size>0x2c</size>
         <input_file_ref idref="fl-3"/>
      </object_component>
      <object_component id="oc-274">
         <name>.debug_info</name>
         <load_address>0x7f72</load_address>
         <run_address>0x7f72</run_address>
         <size>0xae</size>
         <input_file_ref idref="fl-3"/>
      </object_component>
      <object_component id="oc-27a">
         <name>.debug_info</name>
         <load_address>0x8020</load_address>
         <run_address>0x8020</run_address>
         <size>0x1fe</size>
         <input_file_ref idref="fl-f"/>
      </object_component>
      <object_component id="oc-27d">
         <name>.debug_info</name>
         <load_address>0x821e</load_address>
         <run_address>0x821e</run_address>
         <size>0x2a0</size>
         <input_file_ref idref="fl-6c"/>
      </object_component>
      <object_component id="oc-282">
         <name>.debug_info</name>
         <load_address>0x84be</load_address>
         <run_address>0x84be</run_address>
         <size>0x4a2</size>
         <input_file_ref idref="fl-6c"/>
      </object_component>
      <object_component id="oc-288">
         <name>.debug_info</name>
         <load_address>0x8960</load_address>
         <run_address>0x8960</run_address>
         <size>0x289</size>
         <input_file_ref idref="fl-6c"/>
      </object_component>
      <object_component id="oc-290">
         <name>.debug_info</name>
         <load_address>0x8be9</load_address>
         <run_address>0x8be9</run_address>
         <size>0x2e1</size>
         <input_file_ref idref="fl-69"/>
      </object_component>
      <object_component id="oc-296">
         <name>.debug_info</name>
         <load_address>0x8eca</load_address>
         <run_address>0x8eca</run_address>
         <size>0x29f</size>
         <input_file_ref idref="fl-69"/>
      </object_component>
      <object_component id="oc-29c">
         <name>.debug_info</name>
         <load_address>0x9169</load_address>
         <run_address>0x9169</run_address>
         <size>0x27e</size>
         <input_file_ref idref="fl-69"/>
      </object_component>
      <object_component id="oc-2a2">
         <name>.debug_info</name>
         <load_address>0x93e7</load_address>
         <run_address>0x93e7</run_address>
         <size>0x33a</size>
         <input_file_ref idref="fl-69"/>
      </object_component>
      <object_component id="oc-2a8">
         <name>.debug_info</name>
         <load_address>0x9721</load_address>
         <run_address>0x9721</run_address>
         <size>0x297</size>
         <input_file_ref idref="fl-69"/>
      </object_component>
      <object_component id="oc-2ae">
         <name>.debug_info</name>
         <load_address>0x99b8</load_address>
         <run_address>0x99b8</run_address>
         <size>0x289</size>
         <input_file_ref idref="fl-69"/>
      </object_component>
      <object_component id="oc-2b5">
         <name>.debug_info</name>
         <load_address>0x9c41</load_address>
         <run_address>0x9c41</run_address>
         <size>0x38f</size>
         <input_file_ref idref="fl-68"/>
      </object_component>
      <object_component id="oc-2bb">
         <name>.debug_info</name>
         <load_address>0x9fd0</load_address>
         <run_address>0x9fd0</run_address>
         <size>0x247</size>
         <input_file_ref idref="fl-68"/>
      </object_component>
      <object_component id="oc-2c1">
         <name>.debug_info</name>
         <load_address>0xa217</load_address>
         <run_address>0xa217</run_address>
         <size>0x2f8</size>
         <input_file_ref idref="fl-68"/>
      </object_component>
      <object_component id="oc-2c7">
         <name>.debug_info</name>
         <load_address>0xa50f</load_address>
         <run_address>0xa50f</run_address>
         <size>0x378</size>
         <input_file_ref idref="fl-68"/>
      </object_component>
      <object_component id="oc-2cd">
         <name>.debug_info</name>
         <load_address>0xa887</load_address>
         <run_address>0xa887</run_address>
         <size>0x2c0</size>
         <input_file_ref idref="fl-68"/>
      </object_component>
      <object_component id="oc-2d3">
         <name>.debug_info</name>
         <load_address>0xab47</load_address>
         <run_address>0xab47</run_address>
         <size>0x2b2</size>
         <input_file_ref idref="fl-68"/>
      </object_component>
      <object_component id="oc-2d9">
         <name>.debug_info</name>
         <load_address>0xadf9</load_address>
         <run_address>0xadf9</run_address>
         <size>0x2d4</size>
         <input_file_ref idref="fl-68"/>
      </object_component>
      <object_component id="oc-2df">
         <name>.debug_info</name>
         <load_address>0xb0cd</load_address>
         <run_address>0xb0cd</run_address>
         <size>0x280</size>
         <input_file_ref idref="fl-68"/>
      </object_component>
      <object_component id="oc-2e6">
         <name>.debug_info</name>
         <load_address>0xb34d</load_address>
         <run_address>0xb34d</run_address>
         <size>0x2b7</size>
         <input_file_ref idref="fl-6b"/>
      </object_component>
      <object_component id="oc-2ec">
         <name>.debug_info</name>
         <load_address>0xb604</load_address>
         <run_address>0xb604</run_address>
         <size>0x253</size>
         <input_file_ref idref="fl-6b"/>
      </object_component>
      <object_component id="oc-2f2">
         <name>.debug_info</name>
         <load_address>0xb857</load_address>
         <run_address>0xb857</run_address>
         <size>0x249</size>
         <input_file_ref idref="fl-6b"/>
      </object_component>
      <object_component id="oc-2fb">
         <name>.debug_info</name>
         <load_address>0xbaa0</load_address>
         <run_address>0xbaa0</run_address>
         <size>0x4e0</size>
         <input_file_ref idref="fl-6a"/>
      </object_component>
      <object_component id="oc-300">
         <name>.debug_info</name>
         <load_address>0xbf80</load_address>
         <run_address>0xbf80</run_address>
         <size>0x263</size>
         <input_file_ref idref="fl-6a"/>
      </object_component>
      <object_component id="oc-306">
         <name>.debug_info</name>
         <load_address>0xc1e3</load_address>
         <run_address>0xc1e3</run_address>
         <size>0x2c7</size>
         <input_file_ref idref="fl-6a"/>
      </object_component>
      <object_component id="oc-30d">
         <name>.debug_info</name>
         <load_address>0xc4aa</load_address>
         <run_address>0xc4aa</run_address>
         <size>0x2b0</size>
         <input_file_ref idref="fl-6a"/>
      </object_component>
      <object_component id="oc-315">
         <name>.debug_info</name>
         <load_address>0xc75a</load_address>
         <run_address>0xc75a</run_address>
         <size>0x2af</size>
         <input_file_ref idref="fl-6d"/>
      </object_component>
      <object_component id="oc-325">
         <name>.debug_info</name>
         <load_address>0xca09</load_address>
         <run_address>0xca09</run_address>
         <size>0x132</size>
         <input_file_ref idref="fl-7"/>
      </object_component>
      <object_component id="oc-33d">
         <name>.debug_info</name>
         <load_address>0xcb3b</load_address>
         <run_address>0xcb3b</run_address>
         <size>0x12b</size>
         <input_file_ref idref="fl-7"/>
      </object_component>
      <object_component id="oc-351">
         <name>.debug_info</name>
         <load_address>0xcc66</load_address>
         <run_address>0xcc66</run_address>
         <size>0x16b</size>
         <input_file_ref idref="fl-7"/>
      </object_component>
      <object_component id="oc-35d">
         <name>.debug_info</name>
         <load_address>0xcdd1</load_address>
         <run_address>0xcdd1</run_address>
         <size>0x18b</size>
         <input_file_ref idref="fl-3"/>
      </object_component>
      <object_component id="oc-366">
         <name>.debug_info</name>
         <load_address>0xcf5c</load_address>
         <run_address>0xcf5c</run_address>
         <size>0x2d0</size>
         <input_file_ref idref="fl-6c"/>
      </object_component>
      <object_component id="oc-36e">
         <name>.debug_info</name>
         <load_address>0xd22c</load_address>
         <run_address>0xd22c</run_address>
         <size>0x175</size>
         <input_file_ref idref="fl-69"/>
      </object_component>
      <object_component id="oc-372">
         <name>.debug_info</name>
         <load_address>0xd3a1</load_address>
         <run_address>0xd3a1</run_address>
         <size>0x8b</size>
         <input_file_ref idref="fl-61"/>
      </object_component>
      <object_component id="oc-38e">
         <name>.debug_info</name>
         <load_address>0xd42c</load_address>
         <run_address>0xd42c</run_address>
         <size>0x13f</size>
         <input_file_ref idref="fl-7"/>
      </object_component>
      <object_component id="oc-3fe">
         <name>.debug_info</name>
         <load_address>0xd56b</load_address>
         <run_address>0xd56b</run_address>
         <size>0xb8</size>
      </object_component>
      <object_component id="oc-80">
         <name>.debug_aranges</name>
[...]
      </symbol>
      <symbol id="sm-4ac">
         <name>button_pushed</name>
         <value>0x1d0e</value>
         <object_component_ref idref="oc-12d"/>
      </symbol>
      <symbol id="sm-4ad">
         <name>location_found</name>
         <value>0x1d0f</value>
         <object_component_ref idref="oc-12d"/>
      </symbol>
      <symbol id="sm-4ae">
         <name>nest_ID</name>
         <value>0xf14c</value>
         <object_component_ref idref="oc-13c"/>
      </symbol>
      <symbol id="sm-4af">
         <name>testing</name>
         <value>0xf146</value>
         <object_component_ref idref="oc-13c"/>
      </symbol>
      <symbol id="sm-4b0">
         <name>messages</name>
         <value>0x1c00</value>
         <object_component_ref idref="oc-220"/>
      </symbol>
      <symbol id="sm-4b1">
         <name>parameters</name>
         <value>0xf17c</value>
         <object_component_ref idref="oc-13c"/>
      </symbol>
      <symbol id="sm-4b2">
         <name>interruptCount</name>
         <value>0x1d0c</value>
         <object_component_ref idref="oc-12d"/>
      </symbol>
      <symbol id="sm-4c3">
         <name>_stack</name>
         <value>0x1fc0</value>
         <object_component_ref idref="oc-9e"/>
      </symbol>
      <symbol id="sm-4c4">
         <name>_reset_vector</name>
         <value>0xfffe</value>
         <object_component_ref idref="oc-a1"/>
      </symbol>
      <symbol id="sm-505">
         <name>__TI_int39</name>
         <value>0xffde</value>
         <object_component_ref idref="oc-73"/>
      </symbol>
      <symbol id="sm-506">
         <name>__TI_int51</name>
         <value>0xfff6</value>
         <object_component_ref idref="oc-85"/>
      </symbol>
      <symbol id="sm-571">
         <name>__TI_int31</name>
         <value>0xffce</value>
         <object_component_ref idref="oc-6b"/>
      </symbol>
      <symbol id="sm-574">
         <name>__TI_int32</name>
         <value>0xffd0</value>
         <object_component_ref idref="oc-6c"/>
      </symbol>
      <symbol id="sm-577">
         <name>__TI_int33</name>
         <value>0xffd2</value>
         <object_component_ref idref="oc-6d"/>
      </symbol>
      <symbol id="sm-57a">
         <name>__TI_int34</name>
         <value>0xffd4</value>
         <object_component_ref idref="oc-6e"/>
      </symbol>
      <symbol id="sm-57d">
         <name>__TI_int35</name>
         <value>0xffd6</value>
         <object_component_ref idref="oc-6f"/>
      </symbol>
      <symbol id="sm-580">
         <name>__TI_int36</name>
         <value>0xffd8</value>
         <object_component_ref idref="oc-70"/>
      </symbol>
      <symbol id="sm-583">
         <name>__TI_int37</name>
         <value>0xffda</value>
         <object_component_ref idref="oc-71"/>
      </symbol>
      <symbol id="sm-586">
         <name>__TI_int38</name>
         <value>0xffdc</value>
         <object_component_ref idref="oc-72"/>
      </symbol>
      <symbol id="sm-589">
         <name>__TI_int40</name>
         <value>0xffe0</value>
         <object_component_ref idref="oc-74"/>
      </symbol>
      <symbol id="sm-58c">
         <name>__TI_int41</name>
         <value>0xffe2</value>
         <object_component_ref idref="oc-75"/>
      </symbol>
      <symbol id="sm-58f">
         <name>__TI_int42</name>
         <value>0xffe4</value>
         <object_component_ref idref="oc-76"/>
      </symbol>
      <symbol id="sm-592">
         <name>__TI_int43</name>
         <value>0xffe6</value>
         <object_component_ref idref="oc-77"/>
      </symbol>
      <symbol id="sm-595">
         <name>__TI_int44</name>
         <value>0xffe8</value>
         <object_component_ref idref="oc-78"/>
      </symbol>
      <symbol id="sm-598">
         <name>__TI_int45</name>
         <value>0xffea</value>
         <object_component_ref idref="oc-79"/>
      </symbol>
      <symbol id="sm-59b">
         <name>__TI_int46</name>
         <value>0xffec</value>
         <object_component_ref idref="oc-7a"/>
      </symbol>
      <symbol id="sm-59e">
         <name>__TI_int47</name>
         <value>0xffee</value>
         <object_component_ref idref="oc-7b"/>
      </symbol>
      <symbol id="sm-5a1">
         <name>__TI_int48</name>
         <value>0xfff0</value>
         <object_component_ref idref="oc-7c"/>
      </symbol>
      <symbol id="sm-5a4">
         <name>__TI_int49</name>
         <value>0xfff2</value>
         <object_component_ref idref="oc-7d"/>
      </symbol>
      <symbol id="sm-5a7">
         <name>__TI_int50</name>
         <value>0xfff4</value>
         <object_component_ref idref="oc-84"/>
      </symbol>
      <symbol id="sm-5aa">
         <name>__TI_int52</name>
         <value>0xfff8</value>
         <object_component_ref idref="oc-86"/>
      </symbol>
      <symbol id="sm-5ad">
         <name>__TI_int53</name>
         <value>0xfffa</value>
         <object_component_ref idref="oc-87"/>
      </symbol>
      <symbol id="sm-5b0">
         <name>__TI_int54</name>
         <value>0xfffc</value>
         <object_component_ref idref="oc-88"/>
      </symbol>
      <symbol id="sm-698">
         <name>CS_XT2ClockFrequency</name>
         <value>0x1d16</value>
         <object_component_ref idref="oc-36d"/>
      </symbol>
      <symbol id="sm-699">
         <name>CS_XT1ClockFrequency</name>
         <value>0x1d12</value>
         <object_component_ref idref="oc-36d"/>
      </symbol>
      <symbol id="sm-706">
         <name>ti_catalog_msp430_init_Boot_init</name>
         <value>0xe10a</value>
         <object_component_ref idref="oc-ff"/>
      </symbol>
      <symbol id="sm-707">
         <name>xdc_runtime_Startup_reset__I</name>
         <value>0xe150</value>
         <object_component_ref idref="oc-ad"/>
      </symbol>
      <symbol id="sm-708">
         <name>send_byte</name>
         <value>0xdfe0</value>
         <object_component_ref idref="oc-350"/>
      </symbol>
      <symbol id="sm-709">
         <name>send_integer</name>
         <value>0xe088</value>
         <object_component_ref idref="oc-24d"/>
      </symbol>
      <symbol id="sm-70a">
         <name>sensor_connection</name>
         <value>0xdc52</value>
         <object_component_ref idref="oc-15d"/>
      </symbol>
      <symbol id="sm-70b">
         <name>reset_phone_UART</name>
         <value>0xdf34</value>
         <object_component_ref idref="oc-1f8"/>
      </symbol>
      <symbol id="sm-70c">
         <name>contact_sensor</name>
         <value>0xdae0</value>
         <object_component_ref idref="oc-21a"/>
      </symbol>
      <symbol id="sm-70d">
         <name>clear_data</name>
         <value>0xd984</value>
         <object_component_ref idref="oc-20e"/>
      </symbol>
      <symbol id="sm-70e">
         <name>start_up</name>
         <value>0xca5e</value>
         <object_component_ref idref="oc-127"/>
      </symbol>
      <symbol id="sm-70f">
         <name>reset</name>
         <value>0xdd46</value>
         <object_component_ref idref="oc-115"/>
      </symbol>
      <symbol id="sm-710">
         <name>readBattery</name>
         <value>0xd596</value>
         <object_component_ref idref="oc-1eb"/>
      </symbol>
      <symbol id="sm-711">
         <name>watchdog_reset</name>
         <value>0xe00e</value>
         <object_component_ref idref="oc-163"/>
      </symbol>
      <symbol id="sm-712">
         <name>power_monitor</name>
         <value>0xdeaa</value>
         <object_component_ref idref="oc-130"/>
      </symbol>
      <symbol id="sm-713">
         <name>internet_connection</name>
         <value>0xd922</value>
         <object_component_ref idref="oc-121"/>
      </symbol>
      <symbol id="sm-714">
         <name>ATresponse</name>
         <value>0xdb30</value>
         <object_component_ref idref="oc-204"/>
      </symbol>
      <symbol id="sm-715">
         <name>rs485_on</name>
         <value>0xdde2</value>
         <object_component_ref idref="oc-33c"/>
      </symbol>
      <symbol id="sm-716">
         <name>getGPSinfo</name>
         <value>0xd128</value>
         <object_component_ref idref="oc-157"/>
      </symbol>
      <symbol id="sm-717">
         <name>main</name>
         <value>0xcd44</value>
         <object_component_ref idref="oc-bf"/>
      </symbol>
      <symbol id="sm-718">
         <name>blink</name>
         <value>0xd7e2</value>
         <object_component_ref idref="oc-10f"/>
      </symbol>
      <symbol id="sm-719">
         <name>await_sensor_connection</name>
         <value>0xdc96</value>
         <object_component_ref idref="oc-214"/>
      </symbol>
      <symbol id="sm-71a">
         <name>sendMessage</name>
         <value>0xde10</value>
         <object_component_ref idref="oc-235"/>
      </symbol>
      <symbol id="sm-71b">
         <name>sendATcommand</name>
         <value>0xde60</value>
         <object_component_ref idref="oc-1fe"/>
      </symbol>
      <symbol id="sm-71c">
         <name>cell_reception</name>
         <value>0xdd7c</value>
         <object_component_ref idref="oc-136"/>
      </symbol>
      <symbol id="sm-71d">
         <name>move_string</name>
         <value>0xdd10</value>
         <object_component_ref idref="oc-223"/>
      </symbol>
      <symbol id="sm-71e">
         <name>phone_it_in</name>
         <value>0xd3d4</value>
         <object_component_ref idref="oc-151"/>
      </symbol>
      <symbol id="sm-71f">
         <name>wait</name>
         <value>0xdf74</value>
         <object_component_ref idref="oc-1e5"/>
      </symbol>
      <symbol id="sm-720">
         <name>phone_on</name>
         <value>0xcfa4</value>
         <object_component_ref idref="oc-11b"/>
      </symbol>
      <symbol id="sm-721">
         <name>phone_off</name>
         <value>0xdbc4</value>
         <object_component_ref idref="oc-324"/>
      </symbol>
      <symbol id="sm-722">
         <name>shutdown</name>
         <value>0xdb7a</value>
         <object_component_ref idref="oc-1f1"/>
      </symbol>
      <symbol id="sm-723">
         <name>transfer_string</name>
         <value>0xd68e</value>
         <object_component_ref idref="oc-14b"/>
      </symbol>
      <symbol id="sm-724">
         <name>send_nibble</name>
         <value>0xdf54</value>
         <object_component_ref idref="oc-38d"/>
      </symbol>
      <symbol id="sm-725">
         <name>set_time</name>
         <value>0xcbd8</value>
         <object_component_ref idref="oc-13f"/>
      </symbol>
      <symbol id="sm-726">
         <name>SS_receive_records</name>
         <value>0xd61a</value>
         <object_component_ref idref="oc-229"/>
      </symbol>
      <symbol id="sm-727">
         <name>SS_command</name>
         <value>0xd512</value>
         <object_component_ref idref="oc-145"/>
      </symbol>
      <symbol id="sm-728">
         <name>do_script</name>
         <value>0xd9de</value>
         <object_component_ref idref="oc-244"/>
      </symbol>
      <symbol id="sm-729">
         <name>sleep</name>
         <value>0xe0d2</value>
         <object_component_ref idref="oc-1de"/>
      </symbol>
      <symbol id="sm-72a">
         <name>speeds</name>
         <value>0xc618</value>
         <object_component_ref idref="oc-171"/>
      </symbol>
      <symbol id="sm-72b">
         <name>_c_int00_noexit</name>
         <value>0xde3a</value>
         <object_component_ref idref="oc-7e"/>
      </symbol>
      <symbol id="sm-72c">
         <name>_c_int00</name>
         <value>0xde3a</value>
         <object_component_ref idref="oc-7e"/>
      </symbol>
      <symbol id="sm-72d">
         <name>_system_pre_init</name>
         <value>0xe156</value>
         <object_component_ref idref="oc-b3"/>
      </symbol>
      <symbol id="sm-72e">
         <name>ti_catalog_msp430_init_Boot_disableWatchdog</name>
         <value>0xe114</value>
         <object_component_ref idref="oc-192"/>
      </symbol>
      <symbol id="sm-72f">
         <name>PORT1_ISR_HOOK</name>
         <value>0xe160</value>
         <object_component_ref idref="oc-a7"/>
      </symbol>
      <symbol id="sm-730">
         <name>InterruptVectors_graceInit</name>
         <value>0xe15e</value>
         <object_component_ref idref="oc-1ca"/>
      </symbol>
      <symbol id="sm-731">
         <name>TIMER0_B0_ISR_HOOK</name>
         <value>0xc800</value>
         <object_component_ref idref="oc-d1"/>
      </symbol>
      <symbol id="sm-732">
         <name>__TI_args_main</name>
         <value>0x1</value>
      </symbol>
      <symbol id="sm-733">
         <name>__TI_INITARRAY_Base</name>
         <value>0x0</value>
      </symbol>
      <symbol id="sm-734">
         <name>__TI_INITARRAY_Limit</name>
         <value>0x0</value>
      </symbol>
      <symbol id="sm-735">
         <name>_auto_init_hold_wdt</name>
         <value>0xd852</value>
         <object_component_ref idref="oc-b9"/>
      </symbol>
      <symbol id="sm-736">
         <name>__TI_decompress_none</name>
         <value>0xe0c0</value>
         <object_component_ref idref="oc-89"/>
      </symbol>
      <symbol id="sm-737">
         <name>__TI_decompress_rle24</name>
         <value>0xe14a</value>
         <object_component_ref idref="oc-95"/>
      </symbol>
      <symbol id="sm-738">
         <name>__TI_zero_init</name>
         <value>0xde86</value>
         <object_component_ref idref="oc-8f"/>
      </symbol>
      <symbol id="sm-739">
         <name>C$$EXIT</name>
         <value>0xe15a</value>
         <object_component_ref idref="oc-c5"/>
      </symbol>
      <symbol id="sm-73a">
         <name>abort</name>
         <value>0xe15a</value>
         <object_component_ref idref="oc-c5"/>
      </symbol>
      <symbol id="sm-73b">
         <name>__TI_exit</name>
         <value>0x1</value>
      </symbol>
      <symbol id="sm-73c">
         <name>__TI_ISR_TRAP</name>
         <value>0xe144</value>
         <object_component_ref idref="oc-a2"/>
      </symbol>
      <symbol id="sm-73d">
         <name>memcpy</name>
         <value>0xe074</value>
         <object_component_ref idref="oc-d7"/>
      </symbol>
      <symbol id="sm-73e">
         <name>Grace_init</name>
         <value>0xddb0</value>
         <object_component_ref idref="oc-109"/>
      </symbol>
      <symbol id="sm-73f">
         <name>Timer0_B3_graceInit</name>
         <value>0xdc0c</value>
         <object_component_ref idref="oc-1a0"/>
      </symbol>
      <symbol id="sm-740">
         <name>GPIO_graceInit</name>
         <value>0xd330</value>
         <object_component_ref idref="oc-1a6"/>
      </symbol>
      <symbol id="sm-741">
         <name>CS_graceInit</name>
         <value>0xd28a</value>
         <object_component_ref idref="oc-1ac"/>
      </symbol>
      <symbol id="sm-742">
         <name>ADC10_B_graceInit</name>
         <value>0xd476</value>
         <object_component_ref idref="oc-1b2"/>
      </symbol>
      <symbol id="sm-743">
         <name>REF_graceInit</name>
         <value>0xdf12</value>
         <object_component_ref idref="oc-1b8"/>
      </symbol>
      <symbol id="sm-744">
         <name>EUSCI_A0_graceInit</name>
         <value>0xd702</value>
         <object_component_ref idref="oc-1be"/>
      </symbol>
      <symbol id="sm-745">
         <name>EUSCI_A1_graceInit</name>
         <value>0xd772</value>
         <object_component_ref idref="oc-1c4"/>
      </symbol>
      <symbol id="sm-746">
         <name>System_graceInit</name>
         <value>0xe124</value>
         <object_component_ref idref="oc-1d0"/>
      </symbol>
      <symbol id="sm-747">
         <name>WDT_A_graceInit</name>
         <value>0xe0ae</value>
         <object_component_ref idref="oc-1d6"/>
      </symbol>
      <symbol id="sm-748">
         <name>ADC10_B_setupSamplingTimer</name>
         <value>0xdf94</value>
         <object_component_ref idref="oc-2c0"/>
      </symbol>
      <symbol id="sm-749">
         <name>ADC10_B_setSampleHoldSignalInversion</name>
         <value>0xdff8</value>
         <object_component_ref idref="oc-2cc"/>
      </symbol>
      <symbol id="sm-74a">
         <name>ADC10_B_enable</name>
         <value>0xe11c</value>
         <object_component_ref idref="oc-2ba"/>
      </symbol>
      <symbol id="sm-74b">
         <name>ADC10_B_memoryConfigure</name>
         <value>0xe09c</value>
         <object_component_ref idref="oc-2c6"/>
      </symbol>
      <symbol id="sm-74c">
         <name>ADC10_B_init</name>
         <value>0xda8e</value>
         <object_component_ref idref="oc-2b4"/>
      </symbol>
      <symbol id="sm-74d">
         <name>ADC10_B_setReferenceBufferSamplingRate</name>
         <value>0xe038</value>
         <object_component_ref idref="oc-2d8"/>
      </symbol>
      <symbol id="sm-74e">
         <name>ADC10_B_setDataReadBackFormat</name>
         <value>0xe024</value>
         <object_component_ref idref="oc-2d2"/>
      </symbol>
      <symbol id="sm-74f">
         <name>ADC10_B_disableInterrupt</name>
         <value>0xe0e4</value>
         <object_component_ref idref="oc-2de"/>
      </symbol>
      <symbol id="sm-750">
         <name>CS_setDCOFreq</name>
         <value>0xdfc8</value>
         <object_component_ref idref="oc-29b"/>
      </symbol>
      <symbol id="sm-751">
         <name>CS_clearAllOscFlagsWithTimeout</name>
         <value>0xdcd4</value>
         <object_component_ref idref="oc-2a7"/>
      </symbol>
      <symbol id="sm-752">
         <name>CS_disableClockRequest</name>
         <value>0xdfae</value>
         <object_component_ref idref="oc-2ad"/>
      </symbol>
      <symbol id="sm-753">
         <name>CS_XT1StartWithTimeout</name>
         <value>0xcee0</value>
         <object_component_ref idref="oc-295"/>
      </symbol>
      <symbol id="sm-754">
         <name>CS_setExternalClockSource</name>
         <value>0xdece</value>
         <object_component_ref idref="oc-28f"/>
      </symbol>
      <symbol id="sm-755">
         <name>CS_clockSignalInit</name>
         <value>0xd068</value>
         <object_component_ref idref="oc-2a1"/>
      </symbol>
      <symbol id="sm-756">
         <name>EUSCI_A_UART_enable</name>
         <value>0xe12c</value>
         <object_component_ref idref="oc-2fe"/>
      </symbol>
      <symbol id="sm-757">
         <name>EUSCI_A_UART_selectDeglitchTime</name>
         <value>0xe04c</value>
         <object_component_ref idref="oc-304"/>
      </symbol>
      <symbol id="sm-758">
         <name>EUSCI_A_UART_disableInterrupt</name>
         <value>0xdef0</value>
         <object_component_ref idref="oc-30a"/>
      </symbol>
      <symbol id="sm-759">
         <name>EUSCI_A_UART_initAdvance</name>
         <value>0xd1e0</value>
         <object_component_ref idref="oc-2f8"/>
      </symbol>
      <symbol id="sm-75a">
         <name>REF_setReferenceVoltage</name>
         <value>0xe0f2</value>
         <object_component_ref idref="oc-2e5"/>
      </symbol>
      <symbol id="sm-75b">
         <name>REF_enableReferenceVoltage</name>
         <value>0xe138</value>
         <object_component_ref idref="oc-2eb"/>
      </symbol>
      <symbol id="sm-75c">
         <name>REF_disableTempSensor</name>
         <value>0xe132</value>
         <object_component_ref idref="oc-2f1"/>
      </symbol>
      <symbol id="sm-75d">
         <name>TIMER_B_selectCounterLength</name>
         <value>0xe0fe</value>
         <object_component_ref idref="oc-27b"/>
      </symbol>
      <symbol id="sm-75e">
         <name>TIMER_B_configureUpMode</name>
         <value>0xda38</value>
         <object_component_ref idref="oc-281"/>
      </symbol>
      <symbol id="sm-75f">
         <name>TIMER_B_startCounter</name>
         <value>0xe13e</value>
         <object_component_ref idref="oc-287"/>
      </symbol>
      <symbol id="sm-760">
         <name>WDT_A_watchdogTimerInit</name>
         <value>0xe060</value>
         <object_component_ref idref="oc-314"/>
      </symbol>
   </symbol_table>
   <title>Link successful</title>
</link_info>
